// Jest Snapshot v1, https://goo.gl/fbAQLP

exports[`Pruebas en GifItem Deber√≠a hacer match con el snapshot 1`] = `
<div>
  <div
    class="card"
  >
    <img
      alt="React"
      src="https://react.com/"
    />
    <p>
      React
    </p>
  </div>
</div>
`;
